../Core/Src/main.c:84:1:__io_putchar	1
../Core/Src/main.c:101:5:main	2
../Core/Src/main.c:199:6:SystemClock_Config	3
../Core/Src/main.c:245:13:MX_I2C1_Init	2
../Core/Src/main.c:279:13:MX_I2C2_Init	2
../Core/Src/main.c:313:13:MX_TIM1_Init	7
../Core/Src/main.c:388:13:MX_TIM2_Init	4
../Core/Src/main.c:437:13:MX_USART2_UART_Init	2
../Core/Src/main.c:470:13:MX_GPIO_Init	1
../Core/Src/main.c:508:6:timerCall	1
../Core/Src/main.c:520:6:StartDefaultTask	1
../Core/Src/main.c:538:6:ina226AlertInit	1
../Core/Src/main.c:561:6:HAL_TIM_PeriodElapsedCallback	2
../Core/Src/main.c:579:6:Error_Handler	1
